2026-05-27 23:49:07 - Starting auto pull and rebuild process...
2026-05-27 23:49:07 - Fetching latest changes from origin...
From github.com:MujiRahman/medium-clone-fullstack
 * branch            main       -> FETCH_HEAD
2026-05-27 23:49:10 - Local hash: c5847f387823bf40abefe2c14d21ddb509611065
2026-05-27 23:49:10 - Remote hash: c5847f387823bf40abefe2c14d21ddb509611065
2026-05-27 23:49:10 - No changes detected on branch main. Rebuild skipped.
2026-05-27 23:49:10 - Auto pull and rebuild check finished.
------------------------------------------------
2026-05-29 00:00:01 - Starting auto pull and rebuild process...
2026-05-29 00:00:01 - Fetching latest changes from origin...
From github.com:MujiRahman/medium-clone-fullstack
 * branch            main       -> FETCH_HEAD
2026-05-29 00:00:04 - Local hash: c5847f387823bf40abefe2c14d21ddb509611065
2026-05-29 00:00:04 - Remote hash: c5847f387823bf40abefe2c14d21ddb509611065
2026-05-29 00:00:04 - No changes detected on branch main. Rebuild skipped.
2026-05-29 00:00:04 - Auto pull and rebuild check finished.
------------------------------------------------
2026-05-30 00:00:01 - Starting auto pull and rebuild process...
2026-05-30 00:00:01 - Fetching latest changes from origin...
From github.com:MujiRahman/medium-clone-fullstack
 * branch            main       -> FETCH_HEAD
2026-05-30 00:00:05 - Local hash: c5847f387823bf40abefe2c14d21ddb509611065
2026-05-30 00:00:05 - Remote hash: c5847f387823bf40abefe2c14d21ddb509611065
2026-05-30 00:00:05 - No changes detected on branch main. Rebuild skipped.
2026-05-30 00:00:05 - Auto pull and rebuild check finished.
------------------------------------------------
2026-05-31 00:00:01 - Starting auto pull and rebuild process...
2026-05-31 00:00:01 - Fetching latest changes from origin...
From github.com:MujiRahman/medium-clone-fullstack
 * branch            main       -> FETCH_HEAD
2026-05-31 00:00:04 - Local hash: c5847f387823bf40abefe2c14d21ddb509611065
2026-05-31 00:00:04 - Remote hash: c5847f387823bf40abefe2c14d21ddb509611065
2026-05-31 00:00:04 - No changes detected on branch main. Rebuild skipped.
2026-05-31 00:00:04 - Auto pull and rebuild check finished.
------------------------------------------------
2026-06-01 00:00:02 - Starting auto pull and rebuild process...
2026-06-01 00:00:02 - Fetching latest changes from origin...
From github.com:MujiRahman/medium-clone-fullstack
 * branch            main       -> FETCH_HEAD
2026-06-01 00:00:05 - Local hash: c5847f387823bf40abefe2c14d21ddb509611065
2026-06-01 00:00:05 - Remote hash: c5847f387823bf40abefe2c14d21ddb509611065
2026-06-01 00:00:05 - No changes detected on branch main. Rebuild skipped.
2026-06-01 00:00:05 - Auto pull and rebuild check finished.
------------------------------------------------
2026-06-02 00:00:01 - Starting auto pull and rebuild process...
2026-06-02 00:00:01 - Fetching latest changes from origin...
From github.com:MujiRahman/medium-clone-fullstack
 * branch            main       -> FETCH_HEAD
2026-06-02 00:00:05 - Local hash: c5847f387823bf40abefe2c14d21ddb509611065
2026-06-02 00:00:05 - Remote hash: c5847f387823bf40abefe2c14d21ddb509611065
2026-06-02 00:00:05 - No changes detected on branch main. Rebuild skipped.
2026-06-02 00:00:05 - Auto pull and rebuild check finished.
------------------------------------------------
2026-06-03 00:00:01 - Starting auto pull and rebuild process...
2026-06-03 00:00:01 - Fetching latest changes from origin...
From github.com:MujiRahman/medium-clone-fullstack
 * branch            main       -> FETCH_HEAD
2026-06-03 00:00:04 - Local hash: c5847f387823bf40abefe2c14d21ddb509611065
2026-06-03 00:00:04 - Remote hash: c5847f387823bf40abefe2c14d21ddb509611065
2026-06-03 00:00:04 - No changes detected on branch main. Rebuild skipped.
2026-06-03 00:00:04 - Auto pull and rebuild check finished.
------------------------------------------------
2026-06-04 00:00:02 - Starting auto pull and rebuild process...
2026-06-04 00:00:02 - Fetching latest changes from origin...
From github.com:MujiRahman/medium-clone-fullstack
 * branch            main       -> FETCH_HEAD
2026-06-04 00:00:05 - Local hash: c5847f387823bf40abefe2c14d21ddb509611065
2026-06-04 00:00:05 - Remote hash: c5847f387823bf40abefe2c14d21ddb509611065
2026-06-04 00:00:05 - No changes detected on branch main. Rebuild skipped.
2026-06-04 00:00:05 - Auto pull and rebuild check finished.
------------------------------------------------
2026-06-05 00:00:01 - Starting auto pull and rebuild process...
2026-06-05 00:00:01 - Fetching latest changes from origin...
From github.com:MujiRahman/medium-clone-fullstack
 * branch            main       -> FETCH_HEAD
2026-06-05 00:00:05 - Local hash: c5847f387823bf40abefe2c14d21ddb509611065
2026-06-05 00:00:05 - Remote hash: c5847f387823bf40abefe2c14d21ddb509611065
2026-06-05 00:00:05 - No changes detected on branch main. Rebuild skipped.
2026-06-05 00:00:05 - Auto pull and rebuild check finished.
------------------------------------------------
2026-06-06 00:00:01 - Starting auto pull and rebuild process...
2026-06-06 00:00:01 - Fetching latest changes from origin...
From github.com:MujiRahman/medium-clone-fullstack
 * branch            main       -> FETCH_HEAD
2026-06-06 00:00:04 - Local hash: c5847f387823bf40abefe2c14d21ddb509611065
2026-06-06 00:00:04 - Remote hash: c5847f387823bf40abefe2c14d21ddb509611065
2026-06-06 00:00:04 - No changes detected on branch main. Rebuild skipped.
2026-06-06 00:00:04 - Auto pull and rebuild check finished.
------------------------------------------------
2026-06-07 00:00:01 - Starting auto pull and rebuild process...
2026-06-07 00:00:01 - Fetching latest changes from origin...
From github.com:MujiRahman/medium-clone-fullstack
 * branch            main       -> FETCH_HEAD
2026-06-07 00:00:05 - Local hash: c5847f387823bf40abefe2c14d21ddb509611065
2026-06-07 00:00:05 - Remote hash: c5847f387823bf40abefe2c14d21ddb509611065
2026-06-07 00:00:05 - No changes detected on branch main. Rebuild skipped.
2026-06-07 00:00:05 - Auto pull and rebuild check finished.
------------------------------------------------
2026-06-08 00:00:01 - Starting auto pull and rebuild process...
2026-06-08 00:00:01 - Fetching latest changes from origin...
From github.com:MujiRahman/medium-clone-fullstack
 * branch            main       -> FETCH_HEAD
2026-06-08 00:00:04 - Local hash: c5847f387823bf40abefe2c14d21ddb509611065
2026-06-08 00:00:04 - Remote hash: c5847f387823bf40abefe2c14d21ddb509611065
2026-06-08 00:00:04 - No changes detected on branch main. Rebuild skipped.
2026-06-08 00:00:04 - Auto pull and rebuild check finished.
------------------------------------------------
2026-06-09 00:00:01 - Starting auto pull and rebuild process...
2026-06-09 00:00:01 - Fetching latest changes from origin...
From github.com:MujiRahman/medium-clone-fullstack
 * branch            main       -> FETCH_HEAD
2026-06-09 00:00:04 - Local hash: c5847f387823bf40abefe2c14d21ddb509611065
2026-06-09 00:00:04 - Remote hash: c5847f387823bf40abefe2c14d21ddb509611065
2026-06-09 00:00:04 - No changes detected on branch main. Rebuild skipped.
2026-06-09 00:00:04 - Auto pull and rebuild check finished.
------------------------------------------------
2026-06-10 00:00:01 - Starting auto pull and rebuild process...
2026-06-10 00:00:01 - Fetching latest changes from origin...
From github.com:MujiRahman/medium-clone-fullstack
 * branch            main       -> FETCH_HEAD
2026-06-10 00:00:04 - Local hash: c5847f387823bf40abefe2c14d21ddb509611065
2026-06-10 00:00:04 - Remote hash: c5847f387823bf40abefe2c14d21ddb509611065
2026-06-10 00:00:04 - No changes detected on branch main. Rebuild skipped.
2026-06-10 00:00:04 - Auto pull and rebuild check finished.
------------------------------------------------
2026-06-11 00:00:01 - Starting auto pull and rebuild process...
2026-06-11 00:00:01 - Fetching latest changes from origin...
From github.com:MujiRahman/medium-clone-fullstack
 * branch            main       -> FETCH_HEAD
2026-06-11 00:00:05 - Local hash: c5847f387823bf40abefe2c14d21ddb509611065
2026-06-11 00:00:05 - Remote hash: c5847f387823bf40abefe2c14d21ddb509611065
2026-06-11 00:00:05 - No changes detected on branch main. Rebuild skipped.
2026-06-11 00:00:05 - Auto pull and rebuild check finished.
------------------------------------------------
2026-06-12 00:00:01 - Starting auto pull and rebuild process...
2026-06-12 00:00:01 - Fetching latest changes from origin...
From github.com:MujiRahman/medium-clone-fullstack
 * branch            main       -> FETCH_HEAD
2026-06-12 00:00:04 - Local hash: c5847f387823bf40abefe2c14d21ddb509611065
2026-06-12 00:00:04 - Remote hash: c5847f387823bf40abefe2c14d21ddb509611065
2026-06-12 00:00:04 - No changes detected on branch main. Rebuild skipped.
2026-06-12 00:00:04 - Auto pull and rebuild check finished.
------------------------------------------------
2026-06-13 00:00:01 - Starting auto pull and rebuild process...
2026-06-13 00:00:01 - Fetching latest changes from origin...
From github.com:MujiRahman/medium-clone-fullstack
 * branch            main       -> FETCH_HEAD
2026-06-13 00:00:04 - Local hash: c5847f387823bf40abefe2c14d21ddb509611065
2026-06-13 00:00:04 - Remote hash: c5847f387823bf40abefe2c14d21ddb509611065
2026-06-13 00:00:04 - No changes detected on branch main. Rebuild skipped.
2026-06-13 00:00:04 - Auto pull and rebuild check finished.
------------------------------------------------
2026-06-14 00:00:01 - Starting auto pull and rebuild process...
2026-06-14 00:00:01 - Fetching latest changes from origin...
From github.com:MujiRahman/medium-clone-fullstack
 * branch            main       -> FETCH_HEAD
   c5847f3..8216221  main       -> origin/main
2026-06-14 00:00:05 - Local hash: c5847f387823bf40abefe2c14d21ddb509611065
2026-06-14 00:00:05 - Remote hash: 821622145a74636b94477b82aa87faf5d87b7a82
2026-06-14 00:00:05 - New updates found on branch main. Pulling changes...
From github.com:MujiRahman/medium-clone-fullstack
 * branch            main       -> FETCH_HEAD
error: Your local changes to the following files would be overwritten by merge:
	frontend/pnpm-lock.yaml
Please commit your changes or stash them before you merge.
Aborting
Updating c5847f3..8216221
2026-06-15 00:00:01 - Starting auto pull and rebuild process...
2026-06-15 00:00:01 - Fetching latest changes from origin...
From github.com:MujiRahman/medium-clone-fullstack
 * branch            main       -> FETCH_HEAD
   8216221..5d1070d  main       -> origin/main
2026-06-15 00:00:04 - Local hash: c5847f387823bf40abefe2c14d21ddb509611065
2026-06-15 00:00:04 - Remote hash: 5d1070d858be624b136ddde1e238b8ba30ba0df1
2026-06-15 00:00:04 - New updates found on branch main. Pulling changes...
From github.com:MujiRahman/medium-clone-fullstack
 * branch            main       -> FETCH_HEAD
error: Your local changes to the following files would be overwritten by merge:
	frontend/pnpm-lock.yaml
Please commit your changes or stash them before you merge.
Aborting
Updating c5847f3..5d1070d
2026-06-16 00:00:01 - Starting auto pull and rebuild process...
2026-06-16 00:00:01 - Fetching latest changes from origin...
From github.com:MujiRahman/medium-clone-fullstack
 * branch            main       -> FETCH_HEAD
2026-06-16 00:00:04 - Local hash: c5847f387823bf40abefe2c14d21ddb509611065
2026-06-16 00:00:04 - Remote hash: 5d1070d858be624b136ddde1e238b8ba30ba0df1
2026-06-16 00:00:04 - New updates found on branch main. Pulling changes...
From github.com:MujiRahman/medium-clone-fullstack
 * branch            main       -> FETCH_HEAD
error: Your local changes to the following files would be overwritten by merge:
	frontend/pnpm-lock.yaml
Please commit your changes or stash them before you merge.
Aborting
Updating c5847f3..5d1070d
2026-06-17 00:00:01 - Starting auto pull and rebuild process...
2026-06-17 00:00:01 - Fetching latest changes from origin...
From github.com:MujiRahman/medium-clone-fullstack
 * branch            main       -> FETCH_HEAD
2026-06-17 00:00:05 - Local hash: c5847f387823bf40abefe2c14d21ddb509611065
2026-06-17 00:00:05 - Remote hash: 5d1070d858be624b136ddde1e238b8ba30ba0df1
2026-06-17 00:00:05 - New updates found on branch main. Pulling changes...
From github.com:MujiRahman/medium-clone-fullstack
 * branch            main       -> FETCH_HEAD
error: Your local changes to the following files would be overwritten by merge:
	frontend/pnpm-lock.yaml
Please commit your changes or stash them before you merge.
Aborting
Updating c5847f3..5d1070d
2026-06-18 00:00:01 - Starting auto pull and rebuild process...
2026-06-18 00:00:01 - Fetching latest changes from origin...
From github.com:MujiRahman/medium-clone-fullstack
 * branch            main       -> FETCH_HEAD
2026-06-18 00:00:04 - Local hash: c5847f387823bf40abefe2c14d21ddb509611065
2026-06-18 00:00:04 - Remote hash: 5d1070d858be624b136ddde1e238b8ba30ba0df1
2026-06-18 00:00:04 - New updates found on branch main. Pulling changes...
From github.com:MujiRahman/medium-clone-fullstack
 * branch            main       -> FETCH_HEAD
error: Your local changes to the following files would be overwritten by merge:
	frontend/pnpm-lock.yaml
Please commit your changes or stash them before you merge.
Aborting
Updating c5847f3..5d1070d
2026-06-19 00:00:01 - Starting auto pull and rebuild process...
2026-06-19 00:00:01 - Fetching latest changes from origin...
ssh: Could not resolve hostname github.com: Temporary failure in name resolution
fatal: Could not read from remote repository.

Please make sure you have the correct access rights
and the repository exists.
2026-06-20 00:00:01 - Starting auto pull and rebuild process...
2026-06-20 00:00:01 - Fetching latest changes from origin...
From github.com:MujiRahman/medium-clone-fullstack
 * branch            main       -> FETCH_HEAD
   5d1070d..3db8f06  main       -> origin/main
2026-06-20 00:00:05 - Local hash: c5847f387823bf40abefe2c14d21ddb509611065
2026-06-20 00:00:05 - Remote hash: 3db8f06109dbfec4b6630d46b51adecd98ee3748
2026-06-20 00:00:05 - New updates found on branch main. Pulling changes...
From github.com:MujiRahman/medium-clone-fullstack
 * branch            main       -> FETCH_HEAD
error: Your local changes to the following files would be overwritten by merge:
	frontend/pnpm-lock.yaml
Please commit your changes or stash them before you merge.
Aborting
Updating c5847f3..3db8f06
2026-06-21 00:00:01 - Starting auto pull and rebuild process...
2026-06-21 00:00:01 - Fetching latest changes from origin...
From github.com:MujiRahman/medium-clone-fullstack
 * branch            main       -> FETCH_HEAD
2026-06-21 00:00:04 - Local hash: c5847f387823bf40abefe2c14d21ddb509611065
2026-06-21 00:00:04 - Remote hash: 3db8f06109dbfec4b6630d46b51adecd98ee3748
2026-06-21 00:00:04 - New updates found on branch main. Pulling changes...
From github.com:MujiRahman/medium-clone-fullstack
 * branch            main       -> FETCH_HEAD
error: Your local changes to the following files would be overwritten by merge:
	frontend/pnpm-lock.yaml
Please commit your changes or stash them before you merge.
Aborting
Updating c5847f3..3db8f06
2026-06-22 00:00:01 - Starting auto pull and rebuild process...
2026-06-22 00:00:01 - Fetching latest changes from origin...
From github.com:MujiRahman/medium-clone-fullstack
 * branch            main       -> FETCH_HEAD
2026-06-22 00:00:05 - Local hash: c5847f387823bf40abefe2c14d21ddb509611065
2026-06-22 00:00:05 - Remote hash: 3db8f06109dbfec4b6630d46b51adecd98ee3748
2026-06-22 00:00:05 - New updates found on branch main. Pulling changes...
From github.com:MujiRahman/medium-clone-fullstack
 * branch            main       -> FETCH_HEAD
error: Your local changes to the following files would be overwritten by merge:
	frontend/pnpm-lock.yaml
Please commit your changes or stash them before you merge.
Aborting
Updating c5847f3..3db8f06
2026-06-23 00:00:01 - Starting auto pull and rebuild process...
2026-06-23 00:00:01 - Fetching latest changes from origin...
From github.com:MujiRahman/medium-clone-fullstack
 * branch            main       -> FETCH_HEAD
2026-06-23 00:00:04 - Local hash: c5847f387823bf40abefe2c14d21ddb509611065
2026-06-23 00:00:04 - Remote hash: 3db8f06109dbfec4b6630d46b51adecd98ee3748
2026-06-23 00:00:04 - New updates found on branch main. Pulling changes...
From github.com:MujiRahman/medium-clone-fullstack
 * branch            main       -> FETCH_HEAD
error: Your local changes to the following files would be overwritten by merge:
	frontend/pnpm-lock.yaml
Please commit your changes or stash them before you merge.
Aborting
Updating c5847f3..3db8f06
2026-06-24 00:00:01 - Starting auto pull and rebuild process...
2026-06-24 00:00:01 - Fetching latest changes from origin...
From github.com:MujiRahman/medium-clone-fullstack
 * branch            main       -> FETCH_HEAD
2026-06-24 00:00:04 - Local hash: c5847f387823bf40abefe2c14d21ddb509611065
2026-06-24 00:00:04 - Remote hash: 3db8f06109dbfec4b6630d46b51adecd98ee3748
2026-06-24 00:00:04 - New updates found on branch main. Pulling changes...
From github.com:MujiRahman/medium-clone-fullstack
 * branch            main       -> FETCH_HEAD
error: Your local changes to the following files would be overwritten by merge:
	frontend/pnpm-lock.yaml
Please commit your changes or stash them before you merge.
Aborting
Updating c5847f3..3db8f06
2026-06-25 00:00:01 - Starting auto pull and rebuild process...
2026-06-25 00:00:01 - Fetching latest changes from origin...
From github.com:MujiRahman/medium-clone-fullstack
 * branch            main       -> FETCH_HEAD
2026-06-25 00:00:05 - Local hash: c5847f387823bf40abefe2c14d21ddb509611065
2026-06-25 00:00:05 - Remote hash: 3db8f06109dbfec4b6630d46b51adecd98ee3748
2026-06-25 00:00:05 - New updates found on branch main. Pulling changes...
From github.com:MujiRahman/medium-clone-fullstack
 * branch            main       -> FETCH_HEAD
error: Your local changes to the following files would be overwritten by merge:
	frontend/pnpm-lock.yaml
Please commit your changes or stash them before you merge.
Aborting
Updating c5847f3..3db8f06
2026-06-26 00:00:01 - Starting auto pull and rebuild process...
2026-06-26 00:00:01 - Fetching latest changes from origin...
From github.com:MujiRahman/medium-clone-fullstack
 * branch            main       -> FETCH_HEAD
2026-06-26 00:00:04 - Local hash: c5847f387823bf40abefe2c14d21ddb509611065
2026-06-26 00:00:04 - Remote hash: 3db8f06109dbfec4b6630d46b51adecd98ee3748
2026-06-26 00:00:04 - New updates found on branch main. Pulling changes...
From github.com:MujiRahman/medium-clone-fullstack
 * branch            main       -> FETCH_HEAD
error: Your local changes to the following files would be overwritten by merge:
	frontend/pnpm-lock.yaml
Please commit your changes or stash them before you merge.
Aborting
Updating c5847f3..3db8f06
2026-06-27 00:00:02 - Starting auto pull and rebuild process...
2026-06-27 00:00:02 - Fetching latest changes from origin...
From github.com:MujiRahman/medium-clone-fullstack
 * branch            main       -> FETCH_HEAD
2026-06-27 00:00:05 - Local hash: c5847f387823bf40abefe2c14d21ddb509611065
2026-06-27 00:00:05 - Remote hash: 3db8f06109dbfec4b6630d46b51adecd98ee3748
2026-06-27 00:00:05 - New updates found on branch main. Pulling changes...
From github.com:MujiRahman/medium-clone-fullstack
 * branch            main       -> FETCH_HEAD
error: Your local changes to the following files would be overwritten by merge:
	frontend/pnpm-lock.yaml
Please commit your changes or stash them before you merge.
Aborting
Updating c5847f3..3db8f06
2026-06-28 00:00:01 - Starting auto pull and rebuild process...
2026-06-28 00:00:01 - Fetching latest changes from origin...
From github.com:MujiRahman/medium-clone-fullstack
 * branch            main       -> FETCH_HEAD
2026-06-28 00:00:04 - Local hash: c5847f387823bf40abefe2c14d21ddb509611065
2026-06-28 00:00:04 - Remote hash: 3db8f06109dbfec4b6630d46b51adecd98ee3748
2026-06-28 00:00:04 - New updates found on branch main. Pulling changes...
From github.com:MujiRahman/medium-clone-fullstack
 * branch            main       -> FETCH_HEAD
error: Your local changes to the following files would be overwritten by merge:
	frontend/pnpm-lock.yaml
Please commit your changes or stash them before you merge.
Aborting
Updating c5847f3..3db8f06
2026-06-29 00:00:01 - Starting auto pull and rebuild process...
2026-06-29 00:00:01 - Fetching latest changes from origin...
ssh: Could not resolve hostname github.com: Temporary failure in name resolution
fatal: Could not read from remote repository.

Please make sure you have the correct access rights
and the repository exists.
2026-06-30 00:00:01 - Starting auto pull and rebuild process...
2026-06-30 00:00:01 - Fetching latest changes from origin...
From github.com:MujiRahman/medium-clone-fullstack
 * branch            main       -> FETCH_HEAD
2026-06-30 00:00:04 - Local hash: c5847f387823bf40abefe2c14d21ddb509611065
2026-06-30 00:00:04 - Remote hash: 3db8f06109dbfec4b6630d46b51adecd98ee3748
2026-06-30 00:00:04 - New updates found on branch main. Pulling changes...
From github.com:MujiRahman/medium-clone-fullstack
 * branch            main       -> FETCH_HEAD
error: Your local changes to the following files would be overwritten by merge:
	frontend/pnpm-lock.yaml
Please commit your changes or stash them before you merge.
Aborting
Updating c5847f3..3db8f06
2026-07-01 00:00:01 - Starting auto pull and rebuild process...
2026-07-01 00:00:01 - Fetching latest changes from origin...
From github.com:MujiRahman/medium-clone-fullstack
 * branch            main       -> FETCH_HEAD
2026-07-01 00:00:05 - Local hash: c5847f387823bf40abefe2c14d21ddb509611065
2026-07-01 00:00:05 - Remote hash: 3db8f06109dbfec4b6630d46b51adecd98ee3748
2026-07-01 00:00:05 - New updates found on branch main. Pulling changes...
From github.com:MujiRahman/medium-clone-fullstack
 * branch            main       -> FETCH_HEAD
error: Your local changes to the following files would be overwritten by merge:
	frontend/pnpm-lock.yaml
Please commit your changes or stash them before you merge.
Aborting
Updating c5847f3..3db8f06
2026-07-02 00:00:01 - Starting auto pull and rebuild process...
2026-07-02 00:00:01 - Fetching latest changes from origin...
From github.com:MujiRahman/medium-clone-fullstack
 * branch            main       -> FETCH_HEAD
   3db8f06..620619c  main       -> origin/main
2026-07-02 00:00:05 - Local hash: c5847f387823bf40abefe2c14d21ddb509611065
2026-07-02 00:00:05 - Remote hash: 620619cf067ec0a073bc604bcbb292a750ca1778
2026-07-02 00:00:05 - New updates found on branch main. Pulling changes...
From github.com:MujiRahman/medium-clone-fullstack
 * branch            main       -> FETCH_HEAD
error: Your local changes to the following files would be overwritten by merge:
	frontend/pnpm-lock.yaml
Please commit your changes or stash them before you merge.
Aborting
Updating c5847f3..620619c
